// Jest Snapshot v1, https://goo.gl/fbAQLP

exports[`CardSection renders correctly 1`] = `
<View
  style={
    Array [
      Object {
        "backgroundColor": "#fff",
        "borderBottomWidth": 1,
        "borderColor": "#ddd",
        "flexDirection": "row",
        "justifyContent": "flex-start",
        "padding": 5,
        "position": "relative",
      },
      undefined,
    ]
  }
>
  Child component
</View>
`;
