// Jest Snapshot v1, https://goo.gl/fbAQLP

exports[`Card renders correctly 1`] = `
<View
  style={
    Object {
      "borderBottomWidth": 0,
      "borderColor": "#ddd",
      "borderRadius": 2,
      "borderWidth": 1,
      "elevation": 1,
      "marginLeft": 5,
      "marginRight": 5,
      "marginTop": 10,
    }
  }
>
  Card children
</View>
`;
